// Jest Snapshot v1, https://goo.gl/fbAQLP

exports[`Pruebas en CounterApp.jsx debe hacer match con el snapshot 1`] = `
<div>
  <h1>
    CounterApp
  </h1>
  <button>
    +1
  </button>
  <button>
    -1
  </button>
  <button
    aria-label="btn-reset"
  >
    Reset
  </button>
  <h2>
     
    10
     
  </h2>
</div>
`;
